******************************************************************************
                  TI ARM Linker PC v20.2.7                     
******************************************************************************
>> Linked Mon Oct  9 17:17:01 2023

OUTPUT FILE NAME:   <Lab_4.out>
ENTRY POINT SYMBOL: "_c_int00_noinit_noargs"  address: 00000841


MEMORY CONFIGURATION

         name            origin    length      used     unused   attr    fill
----------------------  --------  ---------  --------  --------  ----  --------
  MAIN                  00000000   00040000  00000874  0003f78c  R  X
  INFO                  00200000   00004000  00000000  00004000  R  X
  SRAM_CODE             01000000   00010000  00000000  00010000  RW X
  SRAM_DATA             20000000   00010000  00000200  0000fe00  RW  


SEGMENT ALLOCATION MAP

run origin  load origin   length   init length attrs members
----------  ----------- ---------- ----------- ----- -------
00000000    00000000    00000874   00000874    r-x
  00000000    00000000    00000144   00000144    r-- .intvecs
  00000144    00000144    00000510   00000510    r-- .const
  00000654    00000654    00000220   00000220    r-x .text
2000fe00    2000fe00    00000200   00000000    rw-
  2000fe00    2000fe00    00000200   00000000    rw- .stack


SECTION ALLOCATION MAP

 output                                  attributes/
section   page    origin      length       input sections
--------  ----  ----------  ----------   ----------------
.intvecs   0    00000000    00000144     
                  00000000    00000144     msp432_startup_ccs.obj (.intvecs)

.const     0    00000144    00000510     
                  00000144    00000510     main.obj (.const:FSM)

.text      0    00000654    00000220     
                  00000654    000000d8     main.obj (.text)
                  0000072c    0000009a     msp432_startup_ccs.obj (.text)
                  000007c6    00000002     --HOLE-- [fill = 0]
                  000007c8    00000078     SysTick.obj (.text)
                  00000840    0000002c     rtsv7M4_T_le_v4SPD16_eabi.lib : boot_cortex_m.c.obj (.text:_c_int00_noinit_noargs:_c_int00_noinit_noargs)
                  0000086c    00000004                                   : pre_init.c.obj (.text:_system_pre_init)
                  00000870    00000004                                   : exit.c.obj (.text:abort:abort)

.cinit     0    00000000    00000000     UNINITIALIZED

.stack     0    2000fe00    00000200     UNINITIALIZED
                  2000fe00    00000004     rtsv7M4_T_le_v4SPD16_eabi.lib : boot_cortex_m.c.obj (.stack)
                  2000fe04    000001fc     --HOLE--

__llvm_prf_cnts 
*          0    20000000    00000000     UNINITIALIZED

MODULE SUMMARY

       Module                   code   ro data   rw data
       ------                   ----   -------   -------
    .\
       main.obj                 216    1296      0      
       msp432_startup_ccs.obj   154    324       0      
       SysTick.obj              120    0         0      
    +--+------------------------+------+---------+---------+
       Total:                   490    1620      0      
                                                        
    C:\ti\ccs1240\ccs\tools\compiler\ti-cgt-arm_20.2.7.LTS\lib\rtsv7M4_T_le_v4SPD16_eabi.lib
       boot_cortex_m.c.obj      44     0         0      
       exit.c.obj               4      0         0      
       pre_init.c.obj           4      0         0      
    +--+------------------------+------+---------+---------+
       Total:                   52     0         0      
                                                        
       Stack:                   0      0         512    
    +--+------------------------+------+---------+---------+
       Grand Total:             542    1620      512    


GLOBAL SYMBOLS: SORTED ALPHABETICALLY BY Name 

address   name                   
-------   ----                   
00000781  ADC14_IRQHandler       
00000789  AES256_IRQHandler      
00000871  C$$EXIT                
0000075d  COMP_E0_IRQHandler     
0000075f  COMP_E1_IRQHandler     
00000753  CS_IRQHandler          
0000078d  DMA_ERR_IRQHandler     
00000795  DMA_INT0_IRQHandler    
00000793  DMA_INT1_IRQHandler    
00000791  DMA_INT2_IRQHandler    
0000078f  DMA_INT3_IRQHandler    
0000074b  DebugMon_Handler       
000007a3  DisableInterrupts      
00000771  EUSCIA0_IRQHandler     
00000773  EUSCIA1_IRQHandler     
00000775  EUSCIA2_IRQHandler     
00000777  EUSCIA3_IRQHandler     
00000779  EUSCIB0_IRQHandler     
0000077b  EUSCIB1_IRQHandler     
0000077d  EUSCIB2_IRQHandler     
0000077f  EUSCIB3_IRQHandler     
000007a9  EnableInterrupts       
000007b9  EndCritical            
0000075b  FLCTL_IRQHandler       
00000759  FPU_IRQHandler         
00000144  FSM                    
00000655  GpioInit               
00000755  PCM_IRQHandler         
00000797  PORT1_IRQHandler       
00000799  PORT2_IRQHandler       
0000079b  PORT3_IRQHandler       
0000079d  PORT4_IRQHandler       
0000079f  PORT5_IRQHandler       
000007a1  PORT6_IRQHandler       
00000751  PSS_IRQHandler         
0000074d  PendSV_Handler         
0000078b  RTC_C_IRQHandler       
00000749  SVC_Handler            
000007af  StartCritical          
0000074f  SysTick_Handler        
000007c9  SysTick_Init           
000007e5  SysTick_Wait           
0000080b  SysTick_Wait10ms       
00000783  T32_INT1_IRQHandler    
00000785  T32_INT2_IRQHandler    
00000787  T32_INTC_IRQHandler    
00000761  TA0_0_IRQHandler       
00000763  TA0_N_IRQHandler       
00000765  TA1_0_IRQHandler       
00000767  TA1_N_IRQHandler       
00000769  TA2_0_IRQHandler       
0000076b  TA2_N_IRQHandler       
0000076d  TA3_0_IRQHandler       
0000076f  TA3_N_IRQHandler       
4000480c  WDTCTL_SYM             
00000757  WDT_A_IRQHandler       
000007c1  WaitForInterrupt       
20010000  __STACK_END            
00000200  __STACK_SIZE           
ffffffff  __TI_pprof_out_hndl    
ffffffff  __TI_prof_data_size    
ffffffff  __TI_prof_data_start   
00000000  __TI_static_base__     
ffffffff  __binit__              
ffffffff  __c_args__             
UNDEFED   __mpu_init             
2000fe00  __stack                
20000000  __start___llvm_prf_cnts
20000000  __stop___llvm_prf_cnts 
00000841  _c_int00_noinit_noargs 
0000086d  _system_pre_init       
00000871  abort                  
ffffffff  binit                  
00000000  interruptVectors       
000006b1  main                   


GLOBAL SYMBOLS: SORTED BY Symbol Address 

address   name                   
-------   ----                   
00000000  __TI_static_base__     
00000000  interruptVectors       
00000144  FSM                    
00000200  __STACK_SIZE           
00000655  GpioInit               
000006b1  main                   
00000749  SVC_Handler            
0000074b  DebugMon_Handler       
0000074d  PendSV_Handler         
0000074f  SysTick_Handler        
00000751  PSS_IRQHandler         
00000753  CS_IRQHandler          
00000755  PCM_IRQHandler         
00000757  WDT_A_IRQHandler       
00000759  FPU_IRQHandler         
0000075b  FLCTL_IRQHandler       
0000075d  COMP_E0_IRQHandler     
0000075f  COMP_E1_IRQHandler     
00000761  TA0_0_IRQHandler       
00000763  TA0_N_IRQHandler       
00000765  TA1_0_IRQHandler       
00000767  TA1_N_IRQHandler       
00000769  TA2_0_IRQHandler       
0000076b  TA2_N_IRQHandler       
0000076d  TA3_0_IRQHandler       
0000076f  TA3_N_IRQHandler       
00000771  EUSCIA0_IRQHandler     
00000773  EUSCIA1_IRQHandler     
00000775  EUSCIA2_IRQHandler     
00000777  EUSCIA3_IRQHandler     
00000779  EUSCIB0_IRQHandler     
0000077b  EUSCIB1_IRQHandler     
0000077d  EUSCIB2_IRQHandler     
0000077f  EUSCIB3_IRQHandler     
00000781  ADC14_IRQHandler       
00000783  T32_INT1_IRQHandler    
00000785  T32_INT2_IRQHandler    
00000787  T32_INTC_IRQHandler    
00000789  AES256_IRQHandler      
0000078b  RTC_C_IRQHandler       
0000078d  DMA_ERR_IRQHandler     
0000078f  DMA_INT3_IRQHandler    
00000791  DMA_INT2_IRQHandler    
00000793  DMA_INT1_IRQHandler    
00000795  DMA_INT0_IRQHandler    
00000797  PORT1_IRQHandler       
00000799  PORT2_IRQHandler       
0000079b  PORT3_IRQHandler       
0000079d  PORT4_IRQHandler       
0000079f  PORT5_IRQHandler       
000007a1  PORT6_IRQHandler       
000007a3  DisableInterrupts      
000007a9  EnableInterrupts       
000007af  StartCritical          
000007b9  EndCritical            
000007c1  WaitForInterrupt       
000007c9  SysTick_Init           
000007e5  SysTick_Wait           
0000080b  SysTick_Wait10ms       
00000841  _c_int00_noinit_noargs 
0000086d  _system_pre_init       
00000871  C$$EXIT                
00000871  abort                  
20000000  __start___llvm_prf_cnts
20000000  __stop___llvm_prf_cnts 
2000fe00  __stack                
20010000  __STACK_END            
4000480c  WDTCTL_SYM             
ffffffff  __TI_pprof_out_hndl    
ffffffff  __TI_prof_data_size    
ffffffff  __TI_prof_data_start   
ffffffff  __binit__              
ffffffff  __c_args__             
ffffffff  binit                  
UNDEFED   __mpu_init             

[75 symbols]
